// Vitest Snapshot v1, https://vitest.dev/guide/snapshot.html

exports[`DeleteButton > coincide con el snapshot 1`] = `
<DocumentFragment>
  <button
    class="p-2 rounded-full hover:bg-red-100 text-red-600 transition-colors"
    title="Eliminar reserva"
  >
    <svg
      aria-hidden="true"
      class="lucide lucide-trash2 lucide-trash-2 w-5 h-5"
      fill="none"
      height="24"
      stroke="currentColor"
      stroke-linecap="round"
      stroke-linejoin="round"
      stroke-width="2"
      viewBox="0 0 24 24"
      width="24"
      xmlns="http://www.w3.org/2000/svg"
    >
      <path
        d="M3 6h18"
      />
      <path
        d="M19 6v14c0 1-1 2-2 2H7c-1 0-2-1-2-2V6"
      />
      <path
        d="M8 6V4c0-1 1-2 2-2h4c1 0 2 1 2 2v2"
      />
      <line
        x1="10"
        x2="10"
        y1="11"
        y2="17"
      />
      <line
        x1="14"
        x2="14"
        y1="11"
        y2="17"
      />
    </svg>
  </button>
</DocumentFragment>
`;
