// Vitest Snapshot v1, https://vitest.dev/guide/snapshot.html

exports[`EditButton > coincide con el snapshot 1`] = `
<div>
  <button
    class="p-2 rounded-full hover:bg-blue-100 text-blue-600 transition-colors"
    title="Editar reserva"
    type="button"
  >
    <svg
      aria-hidden="true"
      class="lucide lucide-pencil w-5 h-5"
      fill="none"
      height="24"
      stroke="currentColor"
      stroke-linecap="round"
      stroke-linejoin="round"
      stroke-width="2"
      viewBox="0 0 24 24"
      width="24"
      xmlns="http://www.w3.org/2000/svg"
    >
      <path
        d="M21.174 6.812a1 1 0 0 0-3.986-3.987L3.842 16.174a2 2 0 0 0-.5.83l-1.321 4.352a.5.5 0 0 0 .623.622l4.353-1.32a2 2 0 0 0 .83-.497z"
      />
      <path
        d="m15 5 4 4"
      />
    </svg>
  </button>
</div>
`;
